dairymilk_cannibalisation_20w.csv
Date,Region,Category,SKU,Price,Promo,Sales_Qty,Revenue,Launch_Week,Is_New
2024-01-07,Wales,Chocolate Bar,Dairy Milk Fruit & Nut 45g,1.39,0,98,136.22,0,0
2024-01-14,Wales,Chocolate Bar,Dairy Milk Fruit & Nut 45g,1.39,0,102,141.78,0,0
2024-01-21,Wales,Chocolate Bar,Dairy Milk Fruit & Nut 45g,1.39,0,101,140.39,0,0
2024-01-28,Wales,Chocolate Bar,Dairy Milk Fruit & Nut 45g,1.15,1,184,211.6,0,0
2024-02-04,Wales,Chocolate Bar,Dairy Milk Fruit & Nut 45g,1.39,0,136,189.04,0,0
2024-02-11,Wales,Chocolate Bar,Dairy Milk Fruit & Nut 45g,1.39,0,115,159.85,0,0
2024-02-18,Wales,Chocolate Bar,Dairy Milk Fruit & Nut 45g,1.15,1,222,255.3,0,0
2024-02-25,Wales,Chocolate Bar,Dairy Milk Fruit & Nut 45g,1.39,0,128,177.92,0,0
2024-03-03,Wales,Chocolate Bar,Dairy Milk Fruit & Nut 45g,1.15,1,225,258.75,0,0
2024-03-10,Wales,Chocolate Bar,Dairy Milk Fruit & Nut 45g,1.15,1,207,238.05,0,0
2024-03-17,Wales,Chocolate Bar,Dairy Milk Fruit & Nut 45g,1.39,0,133,184.87,0,0
2024-03-24,Wales,Chocolate Bar,Dairy Milk Fruit & Nut 45g,1.15,1,223,256.45,0,0
2024-03-31,Wales,Chocolate Bar,Dairy Milk Fruit & Nut 45g,1.15,1,188,216.2,0,0
2024-04-07,Wales,Chocolate Bar,Dairy Milk Fruit & Nut 45g,1.15,1,173,198.95,0,0
2024-04-14,Wales,Chocolate Bar,Dairy Milk Fruit & Nut 45g,1.39,0,84,116.76,0,0
2024-04-21,Wales,Chocolate Bar,Dairy Milk Fruit & Nut 45g,1.39,0,117,162.63,0,0
2024-04-28,Wales,Chocolate Bar,Dairy Milk Fruit & Nut 45g,1.39,0,103,143.17,0,0
2024-05-05,Wales,Chocolate Bar,Dairy Milk Fruit & Nut 45g,1.39,0,84,116.76,0,0
2024-05-12,Wales,Chocolate Bar,Dairy Milk Fruit & Nut 45g,1.15,1,186,213.9,0,0
2024-05-19,Wales,Chocolate Bar,Dairy Milk Fruit & Nut 45g,1.15,1,171,196.65,0,0
2024-03-10,England,Chocolate Bar,New Dairy Milk Crunch 45g,1.09,0,154,167.86,10,1
2024-03-17,England,Chocolate Bar,New Dairy Milk Crunch 45g,0.9,1,228,205.2,10,1
2024-03-24,England,Chocolate Bar,New Dairy Milk Crunch 45g,1.09,0,131,142.79,10,1
2024-03-31,England,Chocolate Bar,New Dairy Milk Crunch 45g,1.09,0,143,155.87,10,1
2024-04-07,England,Chocolate Bar,New Dairy Milk Crunch 45g,1.09,0,145,158.05,10,1
2024-04-14,England,Chocolate Bar,New Dairy Milk Crunch 45g,0.9,1,265,238.5,10,1
2024-04-21,England,Chocolate Bar,New Dairy Milk Crunch 45g,1.09,0,162,176.58,10,1
2024-04-28,England,Chocolate Bar,New Dairy Milk Crunch 45g,1.09,0,121,131.89,10,1
2024-05-05,England,Chocolate Bar,New Dairy Milk Crunch 45g,1.09,0,138,150.42,10,1
2024-05-12,England,Chocolate Bar,New Dairy Milk Crunch 45g,0.9,1,248,223.2,10,1
2024-05-19,England,Chocolate Bar,New Dairy Milk Crunch 45g,0.9,1,185,166.5,10,1
2024-03-10,Scotland,Chocolate Bar,New Dairy Milk Crunch 45g,1.09,0,152,165.68,10,1
2024-03-17,Scotland,Chocolate Bar,New Dairy Milk Crunch 45g,1.09,0,99,107.91,10,1
2024-03-24,Scotland,Chocolate Bar,New Dairy Milk Crunch 45g,0.9,1,190,171.0,10,1
2024-03-31,Scotland,Chocolate Bar,New Dairy Milk Crunch 45g,1.09,0,114,124.26,10,1
2024-04-07,Scotland,Chocolate Bar,New Dairy Milk Crunch 45g,1.09,0,139,151.51,10,1
2024-04-14,Scotland,Chocolate Bar,New Dairy Milk Crunch 45g,0.9,1,197,177.3,10,1
2024-04-21,Scotland,Chocolate Bar,New Dairy Milk Crunch 45g,0.9,1,198,178.2,10,1
2024-04-28,Scotland,Chocolate Bar,New Dairy Milk Crunch 45g,1.09,0,107,116.63,10,1
2024-05-05,Scotland,Chocolate Bar,New Dairy Milk Crunch 45g,1.09,0,107,116.63,10,1
2024-05-12,Scotland,Chocolate Bar,New Dairy Milk Crunch 45g,1.09,0,126,137.34,10,1
2024-05-19,Scotland,Chocolate Bar,New Dairy Milk Crunch 45g,1.09,0,120,130.8,10,1
2024-03-10,Wales,Chocolate Bar,New Dairy Milk Crunch 45g,1.09,0,87,94.83,10,1
2024-03-17,Wales,Chocolate Bar,New Dairy Milk Crunch 45g,1.09,0,77,83.93,10,1
2024-03-24,Wales,Chocolate Bar,New Dairy Milk Crunch 45g,1.09,0,80,87.2,10,1
2024-03-31,Wales,Chocolate Bar,New Dairy Milk Crunch 45g,1.09,0,105,114.45,10,1
2024-04-07,Wales,Chocolate Bar,New Dairy Milk Crunch 45g,0.9,1,163,146.7,10,1
2024-04-14,Wales,Chocolate Bar,New Dairy Milk Crunch 45g,0.9,1,138,124.2,10,1
2024-04-21,Wales,Chocolate Bar,New Dairy Milk Crunch 45g,1.09,0,96,104.64,10,1
2024-04-28,Wales,Chocolate Bar,New Dairy Milk Crunch 45g,1.09,0,90,98.1,10,1
2024-05-05,Wales,Chocolate Bar,New Dairy Milk Crunch 45g,1.09,0,84,91.56,10,1
2024-05-12,Wales,Chocolate Bar,New Dairy Milk Crunch 45g,1.09,0,84,91.56,10,1
2024-05-19,Wales,Chocolate Bar,New Dairy Milk Crunch 45g,0.9,1,175,157.5,10,1
